// Jest Snapshot v1, https://goo.gl/fbAQLP

exports[`DataTableRow renders correctly 1`] = `
ShallowWrapper {
  "length": 1,
  Symbol(enzyme.__root__): [Circular],
  Symbol(enzyme.__unrendered__): <DataTableRow
    deleteHandler={undefined}
    id={undefined}
    match={undefined}
    rowData={undefined}
  />,
  Symbol(enzyme.__renderer__): Object {
    "batchedUpdates": [Function],
    "getNode": [Function],
    "render": [Function],
    "simulateEvent": [Function],
    "unmount": [Function],
  },
  Symbol(enzyme.__node__): Object {
    "instance": null,
    "key": undefined,
    "nodeType": "host",
    "props": Object {
      "children": Array [
        null,
        null,
      ],
    },
    "ref": null,
    "rendered": Array [
      null,
      null,
    ],
    "type": "tr",
  },
  Symbol(enzyme.__nodes__): Array [
    Object {
      "instance": null,
      "key": undefined,
      "nodeType": "host",
      "props": Object {
        "children": Array [
          null,
          null,
        ],
      },
      "ref": null,
      "rendered": Array [
        null,
        null,
      ],
      "type": "tr",
    },
  ],
  Symbol(enzyme.__options__): Object {
    "adapter": ReactSixteenAdapter {
      "options": Object {
        "enableComponentDidUpdateOnSetState": true,
      },
    },
  },
}
`;
